[     973ms] [INFO] %cDownload the React DevTools for a better development experience: https://react.dev/link/react-devtools font-weight:bold @ http://localhost:8080/_next/static/chunks/node_modules_next_dist_1ybzpk2._.js:2477
[    1002ms] [LOG] [HMR] connected @ http://localhost:8080/_next/static/chunks/node_modules_next_dist_1ybzpk2._.js:2477
[    1464ms] [LOG] %c[Vercel Web Analytics]%c Debug mode is enabled by default in development. No requests will be sent to the server. color: rgb(120, 120, 120) color: inherit @ http://localhost:8080/_next/static/chunks/node_modules_next_dist_1ybzpk2._.js:2477
[    1465ms] [LOG] %c[Vercel Web Analytics]%c Running queued event color: rgb(120, 120, 120) color: inherit pageview {route: /cadets, path: /cadets} @ http://localhost:8080/_next/static/chunks/node_modules_next_dist_1ybzpk2._.js:2477
[    1465ms] [LOG] %c[Vercel Web Analytics]%c [view] http://localhost:8080/cadets color: rgb(120, 120, 120) color: inherit {o: http://localhost:8080/cadets, sv: 0.1.3, sdkn: @vercel/analytics/next, sdkv: 2.0.1, ts: 1785521161777} /_vercel/insights/view @ http://localhost:8080/_next/static/chunks/node_modules_next_dist_1ybzpk2._.js:2477
[  623685ms] [LOG] [Fast Refresh] rebuilding @ http://localhost:8080/_next/static/chunks/node_modules_next_dist_1ybzpk2._.js:2477
[  623717ms] [LOG] [Fast Refresh] done in 134ms @ http://localhost:8080/_next/static/chunks/node_modules_next_dist_1ybzpk2._.js:2477
[  624427ms] [LOG] [Fast Refresh] rebuilding @ http://localhost:8080/_next/static/chunks/node_modules_next_dist_1ybzpk2._.js:2477
[  624994ms] [LOG] [Fast Refresh] done in 667ms @ http://localhost:8080/_next/static/chunks/node_modules_next_dist_1ybzpk2._.js:2477
[  630571ms] [LOG] [Fast Refresh] rebuilding @ http://localhost:8080/_next/static/chunks/node_modules_next_dist_1ybzpk2._.js:2477
[  634491ms] [LOG] [Fast Refresh] done in 4020ms @ http://localhost:8080/_next/static/chunks/node_modules_next_dist_1ybzpk2._.js:2477
[ 1223386ms] [LOG] [Fast Refresh] rebuilding @ http://localhost:8080/_next/static/chunks/node_modules_next_dist_1ybzpk2._.js:2477
[ 1223510ms] [LOG] [Fast Refresh] done in 209ms @ http://localhost:8080/_next/static/chunks/node_modules_next_dist_1ybzpk2._.js:2477
[ 1662962ms] [LOG] [HMR] connected @ http://localhost:8080/_next/static/chunks/node_modules_next_dist_1ybzpk2._.js:2477
[ 1664698ms] [LOG] [Fast Refresh] rebuilding @ http://localhost:8080/_next/static/chunks/node_modules_next_dist_1ybzpk2._.js:2477
[ 1664972ms] [LOG] [Fast Refresh] done in 315ms @ http://localhost:8080/_next/static/chunks/node_modules_next_dist_1ybzpk2._.js:2477
[ 1665494ms] [LOG] [Fast Refresh] rebuilding @ http://localhost:8080/_next/static/chunks/node_modules_next_dist_1ybzpk2._.js:2477
[ 1665521ms] [LOG] [Fast Refresh] done in 128ms @ http://localhost:8080/_next/static/chunks/node_modules_next_dist_1ybzpk2._.js:2477
[ 1666000ms] [INFO] Banner not shown: beforeinstallpromptevent.preventDefault() called. The page must call beforeinstallpromptevent.prompt() to show the banner. @ http://localhost:8080/cadets:0
[ 8133779ms] [LOG] [Fast Refresh] rebuilding @ http://localhost:8080/_next/static/chunks/node_modules_next_dist_1ybzpk2._.js:2477
[ 8133977ms] [LOG] [Fast Refresh] done in 223ms @ http://localhost:8080/_next/static/chunks/node_modules_next_dist_1ybzpk2._.js:2477
[ 8136350ms] [INFO] Banner not shown: beforeinstallpromptevent.preventDefault() called. The page must call beforeinstallpromptevent.prompt() to show the banner. @ http://localhost:8080/cadets:0
